[backblue.gif]
[fade.gif]
[index.html]
[contacts.im/js/jquery-3.3.1.min.js]
[contacts.im/js/bootstrap3.min.js]
[contacts.im/contacts770e.html]
[contacts.im/fonts/glyphicons-halflings-regular.eot]
[contacts.im/fonts/glyphicons-halflings-regulard41d.eot]
[contacts.im/fonts/glyphicons-halflings-regular.woff]
[contacts.im/fonts/glyphicons-halflings-regular.ttf]
[contacts.im/css/bootstrap3.min.css]
[contacts.im/fonts/fontawesome-webfont3e6e.eot]
[contacts.im/fonts/fontawesome-webfontd41d.eot]
[contacts.im/fonts/fontawesome-webfont3e6e.woff]
[contacts.im/fonts/fontawesome-webfont3e6e.ttf]
[contacts.im/css/font-awesome.min.css]
[contacts.im/fonts/SFProDisplay-Regular.woff]
[contacts.im/fonts/SFProDisplay-Regular.ttf]
[contacts.im/css/style-ios.css]
[contacts.im/fonts/glyphicons-halflings-regular.html]
[contacts.im/fonts/glyphicons-halflings-regular.svg]
[contacts.im/fonts/fontawesome-webfont3e6e.html]
[contacts.im/fonts/fontawesome-webfont3e6e.svg]
[contacts.im/fonts/SFProDisplay-Regular.html]
